../Core/Src/main.c:90:5:main	8	static
../Core/Src/main.c:201:6:SystemClock_Config	72	static
../Core/Src/main.c:238:13:MX_I2C1_Init	8	static
../Core/Src/main.c:272:13:MX_SPI1_Init	8	static
../Core/Src/main.c:310:13:MX_TIM3_Init	32	static
../Core/Src/main.c:355:13:MX_GPIO_Init	32	static
../Core/Src/main.c:429:6:HAL_TIM_PeriodElapsedCallback	16	static
../Core/Src/main.c:437:6:HAL_GPIO_EXTI_Callback	16	static
../Core/Src/main.c:459:6:Init_Temp_Sensor	4	static
../Core/Src/main.c:469:6:Error_Handler	4	static,ignoring_inline_asm
